2025-04-10 15:20:11.476722 - Received SBGOLOB.CBT509.FILE247 from FILE247.XMI 
2025-04-10 15:20:11.480994 - Found $$$#DATE.txt (text/plain) in SBGOLOB.CBT509.FILE247, moved to PDS/$$$#DATE
2025-04-10 15:20:11.481267 - Found $$$DOC.txt (text/plain) in SBGOLOB.CBT509.FILE247, moved to PDS/$$$DOC
2025-04-10 15:20:11.481503 - Found $$$ISPF.txt (text/plain) in SBGOLOB.CBT509.FILE247, moved to PDS/$$$ISPF
2025-04-10 15:20:11.481705 - Found $$BCEDIT.txt (text/plain) in SBGOLOB.CBT509.FILE247, moved to PDS/$$BCEDIT
2025-04-10 15:20:11.481892 - Found $$BCMASL.jcl (text/plain) in SBGOLOB.CBT509.FILE247, moved to PDS/$$BCMASL
2025-04-10 15:20:11.482029 - Found $$BCMASM.jcl (text/plain) in SBGOLOB.CBT509.FILE247, moved to PDS/$$BCMASM
2025-04-10 15:20:11.482098 - Found $$BCMONE.jcl (text/plain) in SBGOLOB.CBT509.FILE247, moved to PDS/$$BCMONE
2025-04-10 15:20:11.482167 - Found $$EXPAND.txt (text/plain) in SBGOLOB.CBT509.FILE247, moved to PDS/$$EXPAND
2025-04-10 15:20:11.482316 - Found $$TYPE.txt (text/plain) in SBGOLOB.CBT509.FILE247, moved to PDS/$$TYPE
2025-04-10 15:20:11.482453 - Found $$UPDATE.txt (text/plain) in SBGOLOB.CBT509.FILE247, moved to PDS/$$UPDATE
2025-04-10 15:20:11.482614 - Found $LOADSPF.jcl (text/plain) in SBGOLOB.CBT509.FILE247, moved to PDS/$LOADSPF
2025-04-10 15:20:11.482674 - Found $NEWPROG.txt (text/plain) in SBGOLOB.CBT509.FILE247, moved to PDS/$NEWPROG
2025-04-10 15:20:11.482737 - Found $NOTICE.txt (text/plain) in SBGOLOB.CBT509.FILE247, moved to PDS/$NOTICE
2025-04-10 15:20:11.482845 - Found $USRTIP1.bin (application/octet-stream) in SBGOLOB.CBT509.FILE247, moved to PDS/$USRTIP1
2025-04-10 15:20:11.483242 - Found @FILE247.txt (text/plain) in SBGOLOB.CBT509.FILE247, moved to PDS/@FILE247
2025-04-10 15:20:11.483349 - Found @ZAP#NOT.jcl (text/plain) in SBGOLOB.CBT509.FILE247, moved to PDS/@ZAP#NOT
2025-04-10 15:20:11.483415 - Found BC.rexx (text/plain) in SBGOLOB.CBT509.FILE247, moved to PDS/BC
2025-04-10 15:20:11.483478 - Found BC#.txt (text/plain) in SBGOLOB.CBT509.FILE247, moved to PDS/BC#
2025-04-10 15:20:11.483540 - Found BCEDIT.rexx (text/plain) in SBGOLOB.CBT509.FILE247, moved to PDS/BCEDIT
2025-04-10 15:20:11.483602 - Found BCEDIT@.rexx (text/plain) in SBGOLOB.CBT509.FILE247, moved to PDS/BCEDIT@
2025-04-10 15:20:11.483665 - Found BCEDITM1.rexx (text/plain) in SBGOLOB.CBT509.FILE247, moved to PDS/BCEDITM1
2025-04-10 15:20:11.483725 - Found BCEDITM2.rexx (text/plain) in SBGOLOB.CBT509.FILE247, moved to PDS/BCEDITM2
2025-04-10 15:20:11.483852 - Found BCEDITO.rexx (text/plain) in SBGOLOB.CBT509.FILE247, moved to PDS/BCEDITO
2025-04-10 15:20:11.483914 - Found BCMCLEA$.jcl (text/plain) in SBGOLOB.CBT509.FILE247, moved to PDS/BCMCLEA$
2025-04-10 15:20:11.483973 - Found BCMCLEA#.txt (text/plain) in SBGOLOB.CBT509.FILE247, moved to PDS/BCMCLEA#
2025-04-10 15:20:11.484316 - Found BCMCLEAN.txt (text/plain) in SBGOLOB.CBT509.FILE247, moved to PDS/BCMCLEAN
2025-04-10 15:20:11.484507 - Found BCMDEL.txt (text/plain) in SBGOLOB.CBT509.FILE247, moved to PDS/BCMDEL
2025-04-10 15:20:11.484589 - Found BCMDEL$.jcl (text/plain) in SBGOLOB.CBT509.FILE247, moved to PDS/BCMDEL$
2025-04-10 15:20:11.486093 - Found BCMDEL#.txt (text/plain) in SBGOLOB.CBT509.FILE247, moved to PDS/BCMDEL#
2025-04-10 15:20:11.486522 - Found BCMDIAG.txt (text/plain) in SBGOLOB.CBT509.FILE247, moved to PDS/BCMDIAG
2025-04-10 15:20:11.486602 - Found BCMDIAG$.jcl (text/plain) in SBGOLOB.CBT509.FILE247, moved to PDS/BCMDIAG$
2025-04-10 15:20:11.486714 - Found BCMDIAG#.txt (text/plain) in SBGOLOB.CBT509.FILE247, moved to PDS/BCMDIAG#
2025-04-10 15:20:11.486830 - Found BCMDUMP.txt (text/plain) in SBGOLOB.CBT509.FILE247, moved to PDS/BCMDUMP
2025-04-10 15:20:11.486899 - Found BCMDUMP$.jcl (text/plain) in SBGOLOB.CBT509.FILE247, moved to PDS/BCMDUMP$
2025-04-10 15:20:11.486969 - Found BCMEXPN$.jcl (text/plain) in SBGOLOB.CBT509.FILE247, moved to PDS/BCMEXPN$
2025-04-10 15:20:11.487204 - Found BCMEXPND.txt (text/plain) in SBGOLOB.CBT509.FILE247, moved to PDS/BCMEXPND
2025-04-10 15:20:11.487370 - Found BCMISPF.xmi (application/xmit) in SBGOLOB.CBT509.FILE247, moved to PDS/BCMISPF.xmi
2025-04-10 15:20:11.549071 - Received WSBG.VINHVU.ISPF from BCMISPF.xmi 
2025-04-10 15:20:11.549818 - Found BCMPNL1.txt (text/plain) in WSBG.VINHVU.ISPF, moved to BCMISPF/BCMPNL1
2025-04-10 15:20:11.549921 - Found BCMPNL2.txt (text/plain) in WSBG.VINHVU.ISPF, moved to BCMISPF/BCMPNL2
2025-04-10 15:20:11.550036 - Found BCMPNL3.txt (text/plain) in WSBG.VINHVU.ISPF, moved to BCMISPF/BCMPNL3
2025-04-10 15:20:11.550146 - Found BCMPNL4.txt (text/plain) in WSBG.VINHVU.ISPF, moved to BCMISPF/BCMPNL4
2025-04-10 15:20:11.550439 - Found BCMUTIL.rexx (text/plain) in WSBG.VINHVU.ISPF, moved to BCMISPF/BCMUTIL
2025-04-10 15:20:11.550548 - Found PROGRBAR.txt (text/plain) in WSBG.VINHVU.ISPF, moved to BCMISPF/PROGRBAR
2025-04-10 15:20:11.551036 - Found BCMISPFI.txt (text/plain) in SBGOLOB.CBT509.FILE247, moved to PDS/BCMISPFI
2025-04-10 15:20:11.551215 - Found BCMLIS.txt (text/plain) in SBGOLOB.CBT509.FILE247, moved to PDS/BCMLIS
2025-04-10 15:20:11.551420 - Found BCMLIST.txt (text/plain) in SBGOLOB.CBT509.FILE247, moved to PDS/BCMLIST
2025-04-10 15:20:11.551768 - Found BCMLISTO.txt (text/plain) in SBGOLOB.CBT509.FILE247, moved to PDS/BCMLISTO
2025-04-10 15:20:11.551920 - Found BCMLISX.txt (text/plain) in SBGOLOB.CBT509.FILE247, moved to PDS/BCMLISX
2025-04-10 15:20:11.552080 - Found BCMLISY.txt (text/plain) in SBGOLOB.CBT509.FILE247, moved to PDS/BCMLISY
2025-04-10 15:20:11.552181 - Found BCMNCL01.txt (text/plain) in SBGOLOB.CBT509.FILE247, moved to PDS/BCMNCL01
2025-04-10 15:20:11.552268 - Found BCMNCL12.txt (text/plain) in SBGOLOB.CBT509.FILE247, moved to PDS/BCMNCL12
2025-04-10 15:20:11.552389 - Found BCMNCL16.txt (text/plain) in SBGOLOB.CBT509.FILE247, moved to PDS/BCMNCL16
2025-04-10 15:20:11.552605 - Found BCMNHELP.txt (text/plain) in SBGOLOB.CBT509.FILE247, moved to PDS/BCMNHELP
2025-04-10 15:20:11.552764 - Found BCMNLIS$.jcl (text/plain) in SBGOLOB.CBT509.FILE247, moved to PDS/BCMNLIS$
2025-04-10 15:20:11.553024 - Found BCMNLIST.txt (text/plain) in SBGOLOB.CBT509.FILE247, moved to PDS/BCMNLIST
2025-04-10 15:20:11.553164 - Found BCMNOTF$.jcl (text/plain) in SBGOLOB.CBT509.FILE247, moved to PDS/BCMNOTF$
2025-04-10 15:20:11.553317 - Found BCMNOTFY.txt (text/plain) in SBGOLOB.CBT509.FILE247, moved to PDS/BCMNOTFY
2025-04-10 15:20:11.553498 - Found BCMNRX01.rexx (text/plain) in SBGOLOB.CBT509.FILE247, moved to PDS/BCMNRX01
2025-04-10 15:20:11.553628 - Found BCMNRX16.rexx (text/plain) in SBGOLOB.CBT509.FILE247, moved to PDS/BCMNRX16
2025-04-10 15:20:11.553717 - Found BCMNUPD.txt (text/plain) in SBGOLOB.CBT509.FILE247, moved to PDS/BCMNUPD
2025-04-10 15:20:11.553775 - Found BCMNUPD$.jcl (text/plain) in SBGOLOB.CBT509.FILE247, moved to PDS/BCMNUPD$
2025-04-10 15:20:11.553996 - Found BCMREST.txt (text/plain) in SBGOLOB.CBT509.FILE247, moved to PDS/BCMREST
2025-04-10 15:20:11.554064 - Found BCMREST$.jcl (text/plain) in SBGOLOB.CBT509.FILE247, moved to PDS/BCMREST$
2025-04-10 15:20:11.554182 - Found BCMSCAN.txt (text/plain) in SBGOLOB.CBT509.FILE247, moved to PDS/BCMSCAN
2025-04-10 15:20:11.554243 - Found BCMSCAN$.jcl (text/plain) in SBGOLOB.CBT509.FILE247, moved to PDS/BCMSCAN$
2025-04-10 15:20:11.554303 - Found BCMSCAN#.jcl (text/plain) in SBGOLOB.CBT509.FILE247, moved to PDS/BCMSCAN#
2025-04-10 15:20:11.554452 - Found BCMSEND.txt (text/plain) in SBGOLOB.CBT509.FILE247, moved to PDS/BCMSEND
2025-04-10 15:20:11.554519 - Found BCMU.txt (text/plain) in SBGOLOB.CBT509.FILE247, moved to PDS/BCMU
2025-04-10 15:20:11.554722 - Found BCMUSAD$.jcl (text/plain) in SBGOLOB.CBT509.FILE247, moved to PDS/BCMUSAD$
2025-04-10 15:20:11.554952 - Found BCMUSADD.txt (text/plain) in SBGOLOB.CBT509.FILE247, moved to PDS/BCMUSADD
2025-04-10 15:20:11.555014 - Found BCMUSDE$.jcl (text/plain) in SBGOLOB.CBT509.FILE247, moved to PDS/BCMUSDE$
2025-04-10 15:20:11.555109 - Found BCMUSDEL.txt (text/plain) in SBGOLOB.CBT509.FILE247, moved to PDS/BCMUSDEL
2025-04-10 15:20:11.555233 - Found BCMUSERS.txt (text/plain) in SBGOLOB.CBT509.FILE247, moved to PDS/BCMUSERS
2025-04-10 15:20:11.555300 - Found BCMXPOR$.jcl (text/plain) in SBGOLOB.CBT509.FILE247, moved to PDS/BCMXPOR$
2025-04-10 15:20:11.555682 - Found BCMXPORT.txt (text/plain) in SBGOLOB.CBT509.FILE247, moved to PDS/BCMXPORT
2025-04-10 15:20:11.555747 - Found BDMDSFI$.jcl (text/plain) in SBGOLOB.CBT509.FILE247, moved to PDS/BDMDSFI$
2025-04-10 15:20:11.555910 - Found BDMDSFIX.xmi (application/xmit) in SBGOLOB.CBT509.FILE247, moved to PDS/BDMDSFIX.xmi
2025-04-10 15:20:11.560410 - Received SBGOLOB.BDM140B.LOADLIB from BDMDSFIX.xmi 
2025-04-10 15:20:11.560793 - Found BDMDSFIX.bin (application/octet-stream) in SBGOLOB.BDM140B.LOADLIB, moved to BDMDSFIX/BDMDSFIX
2025-04-10 15:20:11.561075 - Found BDMNNOT$.jcl (text/plain) in SBGOLOB.CBT509.FILE247, moved to PDS/BDMNNOT$
2025-04-10 15:20:11.561499 - Found BDMNNOTC.txt (text/plain) in SBGOLOB.CBT509.FILE247, moved to PDS/BDMNNOTC
2025-04-10 15:20:11.561643 - Found BDMPUTL.txt (text/plain) in SBGOLOB.CBT509.FILE247, moved to PDS/BDMPUTL
2025-04-10 15:20:11.561752 - Found BDMSCAN.xmi (application/xmit) in SBGOLOB.CBT509.FILE247, moved to PDS/BDMSCAN.xmi
2025-04-10 15:20:11.567771 - Received SBGOLOB.BDMSCAN.TESTLIB from BDMSCAN.xmi 
2025-04-10 15:20:11.568239 - Found BDMSCAN.bin (application/octet-stream) in SBGOLOB.BDMSCAN.TESTLIB, moved to BDMSCAN/BDMSCAN
2025-04-10 15:20:11.568511 - Found BDMSCAN$.jcl (text/plain) in SBGOLOB.CBT509.FILE247, moved to PDS/BDMSCAN$
2025-04-10 15:20:11.568602 - Found BDMUSAD$.jcl (text/plain) in SBGOLOB.CBT509.FILE247, moved to PDS/BDMUSAD$
2025-04-10 15:20:11.568978 - Found BDMUSADD.txt (text/plain) in SBGOLOB.CBT509.FILE247, moved to PDS/BDMUSADD
2025-04-10 15:20:11.569051 - Found BDMUSDE$.jcl (text/plain) in SBGOLOB.CBT509.FILE247, moved to PDS/BDMUSDE$
2025-04-10 15:20:11.569195 - Found BDMUSDEL.txt (text/plain) in SBGOLOB.CBT509.FILE247, moved to PDS/BDMUSDEL
2025-04-10 15:20:11.569354 - Found CLISTS.txt (text/plain) in SBGOLOB.CBT509.FILE247, moved to PDS/CLISTS
2025-04-10 15:20:11.569548 - Found CPSCB.txt (text/plain) in SBGOLOB.CBT509.FILE247, moved to PDS/CPSCB
2025-04-10 15:20:11.569614 - Found CPSCB$.jcl (text/plain) in SBGOLOB.CBT509.FILE247, moved to PDS/CPSCB$
2025-04-10 15:20:11.569679 - Found CPSCB#.txt (text/plain) in SBGOLOB.CBT509.FILE247, moved to PDS/CPSCB#
2025-04-10 15:20:11.569748 - Found DNOTICE.txt (text/plain) in SBGOLOB.CBT509.FILE247, moved to PDS/DNOTICE
2025-04-10 15:20:11.569811 - Found IKJEESX9.txt (text/plain) in SBGOLOB.CBT509.FILE247, moved to PDS/IKJEESX9
2025-04-10 15:20:11.569873 - Found IKJZT3$$.txt (text/plain) in SBGOLOB.CBT509.FILE247, moved to PDS/IKJZT3$$
2025-04-10 15:20:11.569935 - Found IKJZT301.txt (text/plain) in SBGOLOB.CBT509.FILE247, moved to PDS/IKJZT301
2025-04-10 15:20:11.570068 - Found IKJZT302.txt (text/plain) in SBGOLOB.CBT509.FILE247, moved to PDS/IKJZT302
2025-04-10 15:20:11.570216 - Found IKJZT303.txt (text/plain) in SBGOLOB.CBT509.FILE247, moved to PDS/IKJZT303
2025-04-10 15:20:11.570383 - Found IKJZT304.txt (text/plain) in SBGOLOB.CBT509.FILE247, moved to PDS/IKJZT304
2025-04-10 15:20:11.570516 - Found IKJZT305.txt (text/plain) in SBGOLOB.CBT509.FILE247, moved to PDS/IKJZT305
2025-04-10 15:20:11.570576 - Found IKJZT306.txt (text/plain) in SBGOLOB.CBT509.FILE247, moved to PDS/IKJZT306
2025-04-10 15:20:11.570637 - Found INCLUDE.txt (text/plain) in SBGOLOB.CBT509.FILE247, moved to PDS/INCLUDE
2025-04-10 15:20:11.570698 - Found INCLUDEA.txt (text/plain) in SBGOLOB.CBT509.FILE247, moved to PDS/INCLUDEA
2025-04-10 15:20:11.570763 - Found ISRZ00.txt (text/plain) in SBGOLOB.CBT509.FILE247, moved to PDS/ISRZ00
2025-04-10 15:20:11.571213 - Found LOADLIB.xmi (application/xmit) in SBGOLOB.CBT509.FILE247, moved to PDS/LOADLIB.xmi
2025-04-10 15:20:11.610606 - Received SBGOLOB.BCM.LOADLIB from LOADLIB.xmi 
2025-04-10 15:20:11.611646 - Found BCMCLEAN.bin (application/octet-stream) in SBGOLOB.BCM.LOADLIB, moved to LOADLIB/BCMCLEAN
2025-04-10 15:20:11.611912 - Found BCMDEL.bin (application/octet-stream) in SBGOLOB.BCM.LOADLIB, moved to LOADLIB/BCMDEL
2025-04-10 15:20:11.612027 - Found BCMDEL1.bin (application/octet-stream) in SBGOLOB.BCM.LOADLIB, moved to LOADLIB/BCMDEL1
2025-04-10 15:20:11.612269 - Found BCMDEL2.bin (application/octet-stream) in SBGOLOB.BCM.LOADLIB, moved to LOADLIB/BCMDEL2
2025-04-10 15:20:11.612483 - Found BCMDIAG.bin (application/octet-stream) in SBGOLOB.BCM.LOADLIB, moved to LOADLIB/BCMDIAG
2025-04-10 15:20:11.612589 - Found BCMDUMP.bin (application/octet-stream) in SBGOLOB.BCM.LOADLIB, moved to LOADLIB/BCMDUMP
2025-04-10 15:20:11.612695 - Found BCMEXPND.bin (application/octet-stream) in SBGOLOB.BCM.LOADLIB, moved to LOADLIB/BCMEXPND
2025-04-10 15:20:11.612801 - Found BCMLIS.bin (application/octet-stream) in SBGOLOB.BCM.LOADLIB, moved to LOADLIB/BCMLIS
2025-04-10 15:20:11.612906 - Found BCMLIST.bin (application/octet-stream) in SBGOLOB.BCM.LOADLIB, moved to LOADLIB/BCMLIST
2025-04-10 15:20:11.612986 - Found BCMLISX.bin (application/octet-stream) in SBGOLOB.BCM.LOADLIB, moved to LOADLIB/BCMLISX
2025-04-10 15:20:11.613104 - Found BCMLISY.bin (application/octet-stream) in SBGOLOB.BCM.LOADLIB, moved to LOADLIB/BCMLISY
2025-04-10 15:20:11.613209 - Found BCMNCLEN.bin (application/octet-stream) in SBGOLOB.BCM.LOADLIB, moved to LOADLIB/BCMNCLEN
2025-04-10 15:20:11.613309 - Found BCMNLIST.bin (application/octet-stream) in SBGOLOB.BCM.LOADLIB, moved to LOADLIB/BCMNLIST
2025-04-10 15:20:11.613399 - Found BCMNOTFY.bin (application/octet-stream) in SBGOLOB.BCM.LOADLIB, moved to LOADLIB/BCMNOTFY
2025-04-10 15:20:11.613531 - Found BCMNUPD.bin (application/octet-stream) in SBGOLOB.BCM.LOADLIB, moved to LOADLIB/BCMNUPD
2025-04-10 15:20:11.613633 - Found BCMREST.bin (application/octet-stream) in SBGOLOB.BCM.LOADLIB, moved to LOADLIB/BCMREST
2025-04-10 15:20:11.613734 - Found BCMSCAN.bin (application/octet-stream) in SBGOLOB.BCM.LOADLIB, moved to LOADLIB/BCMSCAN
2025-04-10 15:20:11.613832 - Found BCMSEND.bin (application/octet-stream) in SBGOLOB.BCM.LOADLIB, moved to LOADLIB/BCMSEND
2025-04-10 15:20:11.614000 - Found BCMUSADD.bin (application/octet-stream) in SBGOLOB.BCM.LOADLIB, moved to LOADLIB/BCMUSADD
2025-04-10 15:20:11.614096 - Found BCMUSDEL.bin (application/octet-stream) in SBGOLOB.BCM.LOADLIB, moved to LOADLIB/BCMUSDEL
2025-04-10 15:20:11.614175 - Found BCMUSERS.bin (application/octet-stream) in SBGOLOB.BCM.LOADLIB, moved to LOADLIB/BCMUSERS
2025-04-10 15:20:11.614297 - Found BCMXPORT.bin (application/octet-stream) in SBGOLOB.BCM.LOADLIB, moved to LOADLIB/BCMXPORT
2025-04-10 15:20:11.614393 - Found BDMNNOTC.bin (application/octet-stream) in SBGOLOB.BCM.LOADLIB, moved to LOADLIB/BDMNNOTC
2025-04-10 15:20:11.614516 - Found CPSCB.bin (application/octet-stream) in SBGOLOB.BCM.LOADLIB, moved to LOADLIB/CPSCB
2025-04-10 15:20:11.614614 - Found alias IDP to MYIDP in SBGOLOB.BCM.LOADLIB, moved to PDS/IDP
2025-04-10 15:20:11.614810 - Found LPSCB.bin (application/octet-stream) in SBGOLOB.BCM.LOADLIB, moved to LOADLIB/LPSCB
2025-04-10 15:20:11.614914 - Found MYID.bin (application/octet-stream) in SBGOLOB.BCM.LOADLIB, moved to LOADLIB/MYID
2025-04-10 15:20:11.615019 - Found MYIDN.bin (application/octet-stream) in SBGOLOB.BCM.LOADLIB, moved to LOADLIB/MYIDN
2025-04-10 15:20:11.615214 - Found MYIDP.bin (application/octet-stream) in SBGOLOB.BCM.LOADLIB, moved to LOADLIB/MYIDP
2025-04-10 15:20:11.615400 - Found SYSTM.bin (application/octet-stream) in SBGOLOB.BCM.LOADLIB, moved to LOADLIB/SYSTM
2025-04-10 15:20:11.616996 - Found LPSCB.txt (text/plain) in SBGOLOB.CBT509.FILE247, moved to PDS/LPSCB
2025-04-10 15:20:11.617092 - Found LPSCB$.jcl (text/plain) in SBGOLOB.CBT509.FILE247, moved to PDS/LPSCB$
2025-04-10 15:20:11.617173 - Found LPSCB#.txt (text/plain) in SBGOLOB.CBT509.FILE247, moved to PDS/LPSCB#
2025-04-10 15:20:11.617476 - Found LSTB.jcl (text/plain) in SBGOLOB.CBT509.FILE247, moved to PDS/LSTB
2025-04-10 15:20:11.617840 - Found MACROS.txt (text/plain) in SBGOLOB.CBT509.FILE247, moved to PDS/MACROS
2025-04-10 15:20:11.617906 - Found MYID.txt (text/plain) in SBGOLOB.CBT509.FILE247, moved to PDS/MYID
2025-04-10 15:20:11.617978 - Found MYID$.jcl (text/plain) in SBGOLOB.CBT509.FILE247, moved to PDS/MYID$
2025-04-10 15:20:11.618147 - Found MYIDN.txt (text/plain) in SBGOLOB.CBT509.FILE247, moved to PDS/MYIDN
2025-04-10 15:20:11.618211 - Found MYIDN$.jcl (text/plain) in SBGOLOB.CBT509.FILE247, moved to PDS/MYIDN$
2025-04-10 15:20:11.618407 - Found MYIDP.txt (text/plain) in SBGOLOB.CBT509.FILE247, moved to PDS/MYIDP
2025-04-10 15:20:11.618474 - Found MYIDP$.jcl (text/plain) in SBGOLOB.CBT509.FILE247, moved to PDS/MYIDP$
2025-04-10 15:20:11.618640 - Found MYIDP1.txt (text/plain) in SBGOLOB.CBT509.FILE247, moved to PDS/MYIDP1
2025-04-10 15:20:11.618808 - Found MYIDP2.txt (text/plain) in SBGOLOB.CBT509.FILE247, moved to PDS/MYIDP2
2025-04-10 15:20:11.618980 - Found MYIDP3.txt (text/plain) in SBGOLOB.CBT509.FILE247, moved to PDS/MYIDP3
2025-04-10 15:20:11.619104 - Found MYIDP4.txt (text/plain) in SBGOLOB.CBT509.FILE247, moved to PDS/MYIDP4
2025-04-10 15:20:11.619215 - Found MYIDP5.txt (text/plain) in SBGOLOB.CBT509.FILE247, moved to PDS/MYIDP5
2025-04-10 15:20:11.619304 - Found MYIDP6.txt (text/plain) in SBGOLOB.CBT509.FILE247, moved to PDS/MYIDP6
2025-04-10 15:20:11.619396 - Found PANELS.bin (application/octet-stream) in SBGOLOB.CBT509.FILE247, moved to PDS/PANELS
2025-04-10 15:20:11.619551 - Found SENDX.txt (text/plain) in SBGOLOB.CBT509.FILE247, moved to PDS/SENDX
2025-04-10 15:20:11.619611 - Found SYSTM.txt (text/plain) in SBGOLOB.CBT509.FILE247, moved to PDS/SYSTM
2025-04-10 15:20:11.619670 - Found TSOB.rexx (text/plain) in SBGOLOB.CBT509.FILE247, moved to PDS/TSOB
2025-04-10 15:20:11.619857 - Found TSOE.rexx (text/plain) in SBGOLOB.CBT509.FILE247, moved to PDS/TSOE
2025-04-10 15:20:11.619918 - Found TSOR.rexx (text/plain) in SBGOLOB.CBT509.FILE247, moved to PDS/TSOR
2025-04-10 15:20:11.620009 - Found TSOV.rexx (text/plain) in SBGOLOB.CBT509.FILE247, moved to PDS/TSOV
2025-04-10 15:20:11.620091 - Found WJMAINT.txt (text/plain) in SBGOLOB.CBT509.FILE247, moved to PDS/WJMAINT
